../Core/Src/main.c:63:6:setTimer1	16	static
../Core/Src/main.c:67:6:timer1Run	4	static
../Core/Src/main.c:71:6:display7SEG	16	static
../Core/Src/main.c:165:6:update7SEG	16	static
../Core/Src/main.c:200:5:main	8	static
../Core/Src/main.c:251:6:SystemClock_Config	72	static
../Core/Src/main.c:288:13:MX_TIM2_Init	32	static
../Core/Src/main.c:333:13:MX_GPIO_Init	32	static
../Core/Src/main.c:386:6:HAL_TIM_PeriodElapsedCallback	16	static
../Core/Src/main.c:395:6:Error_Handler	4	static,ignoring_inline_asm
